---
source: crates/parser/src/lib.rs
expression: module
---
Module {
    structs: [
        StructDecl {
            name: "Buffer",
            members: [
                StructMember {
                    attrs: [],
                    name: "data",
                    data_type: Array(
                        Scalar(
                            U32,
                        ),
                        None,
                    ),
                },
            ],
            accessors: {
                Array(
                    Scalar(
                        U32,
                    ),
                    None,
                ): [
                    StructMember {
                        attrs: [],
                        name: "data",
                        data_type: Array(
                            Scalar(
                                U32,
                            ),
                            None,
                        ),
                    },
                ],
            },
        },
    ],
    consts: [],
    vars: [
        GlobalVarDecl {
            attrs: [
                Group(
                    0,
                ),
                Binding(
                    0,
                ),
            ],
            qualifier: Some(
                VarQualifier {
                    storage_class: Storage,
                    access_mode: Some(
                        ReadWrite,
                    ),
                },
            ),
            name: "output",
            data_type: Struct(
                StructDecl {
                    name: "Buffer",
                    members: [
                        StructMember {
                            attrs: [],
                            name: "data",
                            data_type: Array(
                                Scalar(
                                    U32,
                                ),
                                None,
                            ),
                        },
                    ],
                    accessors: {
                        Array(
                            Scalar(
                                U32,
                            ),
                            None,
                        ): [
                            StructMember {
                                attrs: [],
                                name: "data",
                                data_type: Array(
                                    Scalar(
                                        U32,
                                    ),
                                    None,
                                ),
                            },
                        ],
                    },
                },
            ),
            initializer: None,
        },
    ],
    functions: [
        FnDecl {
            attrs: [
                Stage(
                    Compute,
                ),
                WorkgroupSize(
                    1,
                ),
            ],
            name: "main",
            inputs: [],
            output: None,
            body: [
                Compound(
                    [
                        VarDecl(
                            VarDeclStatement {
                                ident: "var_0",
                                data_type: None,
                                initializer: Some(
                                    ExprNode {
                                        data_type: Scalar(
                                            U32,
                                        ),
                                        expr: Lit(
                                            U32(
                                                2877481056,
                                            ),
                                        ),
                                    },
                                ),
                            },
                        ),
                    ],
                ),
                LetDecl(
                    LetDeclStatement {
                        ident: "var_0",
                        initializer: ExprNode {
                            data_type: Vector(
                                2,
                                I32,
                            ),
                            expr: TypeCons(
                                Vector(
                                    2,
                                    I32,
                                ),
                                [
                                    ExprNode {
                                        data_type: Scalar(
                                            I32,
                                        ),
                                        expr: UnOp(
                                            Neg,
                                            ExprNode {
                                                data_type: Scalar(
                                                    I32,
                                                ),
                                                expr: Lit(
                                                    I32(
                                                        1438992099,
                                                    ),
                                                ),
                                            },
                                        ),
                                    },
                                    ExprNode {
                                        data_type: Scalar(
                                            I32,
                                        ),
                                        expr: UnOp(
                                            BitNot,
                                            ExprNode {
                                                data_type: Scalar(
                                                    I32,
                                                ),
                                                expr: UnOp(
                                                    Neg,
                                                    ExprNode {
                                                        data_type: Scalar(
                                                            I32,
                                                        ),
                                                        expr: BinOp(
                                                            Divide,
                                                            ExprNode {
                                                                data_type: Scalar(
                                                                    I32,
                                                                ),
                                                                expr: Lit(
                                                                    I32(
                                                                        1930906661,
                                                                    ),
                                                                ),
                                                            },
                                                            ExprNode {
                                                                data_type: Scalar(
                                                                    I32,
                                                                ),
                                                                expr: UnOp(
                                                                    Neg,
                                                                    ExprNode {
                                                                        data_type: Scalar(
                                                                            I32,
                                                                        ),
                                                                        expr: UnOp(
                                                                            BitNot,
                                                                            ExprNode {
                                                                                data_type: Scalar(
                                                                                    I32,
                                                                                ),
                                                                                expr: Lit(
                                                                                    I32(
                                                                                        -1891348788,
                                                                                    ),
                                                                                ),
                                                                            },
                                                                        ),
                                                                    },
                                                                ),
                                                            },
                                                        ),
                                                    },
                                                ),
                                            },
                                        ),
                                    },
                                ],
                            ),
                        },
                    },
                ),
                LetDecl(
                    LetDeclStatement {
                        ident: "var_1",
                        initializer: ExprNode {
                            data_type: Vector(
                                2,
                                I32,
                            ),
                            expr: TypeCons(
                                Vector(
                                    2,
                                    I32,
                                ),
                                [
                                    ExprNode {
                                        data_type: Scalar(
                                            I32,
                                        ),
                                        expr: Lit(
                                            I32(
                                                -1562281905,
                                            ),
                                        ),
                                    },
                                    ExprNode {
                                        data_type: Scalar(
                                            I32,
                                        ),
                                        expr: UnOp(
                                            BitNot,
                                            ExprNode {
                                                data_type: Scalar(
                                                    I32,
                                                ),
                                                expr: UnOp(
                                                    BitNot,
                                                    ExprNode {
                                                        data_type: Scalar(
                                                            I32,
                                                        ),
                                                        expr: Lit(
                                                            I32(
                                                                -398497245,
                                                            ),
                                                        ),
                                                    },
                                                ),
                                            },
                                        ),
                                    },
                                ],
                            ),
                        },
                    },
                ),
                VarDecl(
                    VarDeclStatement {
                        ident: "var_2",
                        data_type: None,
                        initializer: Some(
                            ExprNode {
                                data_type: Scalar(
                                    I32,
                                ),
                                expr: Lit(
                                    I32(
                                        918007174,
                                    ),
                                ),
                            },
                        ),
                    },
                ),
                If(
                    IfStatement {
                        condition: ExprNode {
                            data_type: Scalar(
                                Bool,
                            ),
                            expr: Lit(
                                Bool(
                                    true,
                                ),
                            ),
                        },
                        body: [
                            If(
                                IfStatement {
                                    condition: ExprNode {
                                        data_type: Scalar(
                                            Bool,
                                        ),
                                        expr: Lit(
                                            Bool(
                                                true,
                                            ),
                                        ),
                                    },
                                    body: [
                                        Assignment(
                                            AssignmentStatement {
                                                lhs: Expr(
                                                    LhsExprNode {
                                                        data_type: Scalar(
                                                            I32,
                                                        ),
                                                        expr: Ident(
                                                            "var_2",
                                                        ),
                                                    },
                                                ),
                                                op: Simple,
                                                rhs: ExprNode {
                                                    data_type: Scalar(
                                                        I32,
                                                    ),
                                                    expr: UnOp(
                                                        Neg,
                                                        ExprNode {
                                                            data_type: Scalar(
                                                                I32,
                                                            ),
                                                            expr: Lit(
                                                                I32(
                                                                    -1075723491,
                                                                ),
                                                            ),
                                                        },
                                                    ),
                                                },
                                            },
                                        ),
                                    ],
                                    else_: None,
                                },
                            ),
                        ],
                        else_: None,
                    },
                ),
                Assignment(
                    AssignmentStatement {
                        lhs: Expr(
                            LhsExprNode {
                                data_type: Scalar(
                                    I32,
                                ),
                                expr: Ident(
                                    "var_2",
                                ),
                            },
                        ),
                        op: Simple,
                        rhs: ExprNode {
                            data_type: Scalar(
                                I32,
                            ),
                            expr: Lit(
                                I32(
                                    -1016159679,
                                ),
                            ),
                        },
                    },
                ),
                LetDecl(
                    LetDeclStatement {
                        ident: "var_3",
                        initializer: ExprNode {
                            data_type: Vector(
                                2,
                                I32,
                            ),
                            expr: BinOp(
                                Minus,
                                ExprNode {
                                    data_type: Vector(
                                        2,
                                        I32,
                                    ),
                                    expr: BinOp(
                                        Mod,
                                        ExprNode {
                                            data_type: Vector(
                                                2,
                                                I32,
                                            ),
                                            expr: Var(
                                                "var_1",
                                            ),
                                        },
                                        ExprNode {
                                            data_type: Vector(
                                                2,
                                                I32,
                                            ),
                                            expr: UnOp(
                                                BitNot,
                                                ExprNode {
                                                    data_type: Vector(
                                                        2,
                                                        I32,
                                                    ),
                                                    expr: TypeCons(
                                                        Vector(
                                                            2,
                                                            I32,
                                                        ),
                                                        [
                                                            ExprNode {
                                                                data_type: Scalar(
                                                                    I32,
                                                                ),
                                                                expr: Lit(
                                                                    I32(
                                                                        2065972074,
                                                                    ),
                                                                ),
                                                            },
                                                            ExprNode {
                                                                data_type: Scalar(
                                                                    I32,
                                                                ),
                                                                expr: Lit(
                                                                    I32(
                                                                        -2062616943,
                                                                    ),
                                                                ),
                                                            },
                                                        ],
                                                    ),
                                                },
                                            ),
                                        },
                                    ),
                                },
                                ExprNode {
                                    data_type: Vector(
                                        2,
                                        I32,
                                    ),
                                    expr: UnOp(
                                        BitNot,
                                        ExprNode {
                                            data_type: Vector(
                                                2,
                                                I32,
                                            ),
                                            expr: Var(
                                                "var_0",
                                            ),
                                        },
                                    ),
                                },
                            ),
                        },
                    },
                ),
                VarDecl(
                    VarDeclStatement {
                        ident: "var_4",
                        data_type: None,
                        initializer: Some(
                            ExprNode {
                                data_type: Scalar(
                                    I32,
                                ),
                                expr: UnOp(
                                    Neg,
                                    ExprNode {
                                        data_type: Scalar(
                                            I32,
                                        ),
                                        expr: BinOp(
                                            BitOr,
                                            ExprNode {
                                                data_type: Scalar(
                                                    I32,
                                                ),
                                                expr: Var(
                                                    "var_2",
                                                ),
                                            },
                                            ExprNode {
                                                data_type: Scalar(
                                                    I32,
                                                ),
                                                expr: UnOp(
                                                    Neg,
                                                    ExprNode {
                                                        data_type: Scalar(
                                                            I32,
                                                        ),
                                                        expr: UnOp(
                                                            BitNot,
                                                            ExprNode {
                                                                data_type: Scalar(
                                                                    I32,
                                                                ),
                                                                expr: Var(
                                                                    "var_2",
                                                                ),
                                                            },
                                                        ),
                                                    },
                                                ),
                                            },
                                        ),
                                    },
                                ),
                            },
                        ),
                    },
                ),
                Assignment(
                    AssignmentStatement {
                        lhs: Expr(
                            LhsExprNode {
                                data_type: Scalar(
                                    I32,
                                ),
                                expr: Ident(
                                    "var_2",
                                ),
                            },
                        ),
                        op: Simple,
                        rhs: ExprNode {
                            data_type: Scalar(
                                I32,
                            ),
                            expr: BinOp(
                                Minus,
                                ExprNode {
                                    data_type: Scalar(
                                        I32,
                                    ),
                                    expr: Var(
                                        "var_4",
                                    ),
                                },
                                ExprNode {
                                    data_type: Scalar(
                                        I32,
                                    ),
                                    expr: Var(
                                        "var_2",
                                    ),
                                },
                            ),
                        },
                    },
                ),
                VarDecl(
                    VarDeclStatement {
                        ident: "var_5",
                        data_type: None,
                        initializer: Some(
                            ExprNode {
                                data_type: Vector(
                                    2,
                                    I32,
                                ),
                                expr: TypeCons(
                                    Vector(
                                        2,
                                        I32,
                                    ),
                                    [
                                        ExprNode {
                                            data_type: Scalar(
                                                I32,
                                            ),
                                            expr: Var(
                                                "var_4",
                                            ),
                                        },
                                        ExprNode {
                                            data_type: Scalar(
                                                I32,
                                            ),
                                            expr: Lit(
                                                I32(
                                                    632992769,
                                                ),
                                            ),
                                        },
                                    ],
                                ),
                            },
                        ),
                    },
                ),
                Compound(
                    [
                        Compound(
                            [
                                Assignment(
                                    AssignmentStatement {
                                        lhs: Expr(
                                            LhsExprNode {
                                                data_type: Scalar(
                                                    I32,
                                                ),
                                                expr: Ident(
                                                    "var_2",
                                                ),
                                            },
                                        ),
                                        op: Simple,
                                        rhs: ExprNode {
                                            data_type: Scalar(
                                                I32,
                                            ),
                                            expr: Var(
                                                "var_4",
                                            ),
                                        },
                                    },
                                ),
                            ],
                        ),
                    ],
                ),
                LetDecl(
                    LetDeclStatement {
                        ident: "var_6",
                        initializer: ExprNode {
                            data_type: Scalar(
                                Bool,
                            ),
                            expr: BinOp(
                                GreaterEqual,
                                ExprNode {
                                    data_type: Scalar(
                                        I32,
                                    ),
                                    expr: BinOp(
                                        Mod,
                                        ExprNode {
                                            data_type: Scalar(
                                                I32,
                                            ),
                                            expr: Lit(
                                                I32(
                                                    840502795,
                                                ),
                                            ),
                                        },
                                        ExprNode {
                                            data_type: Scalar(
                                                I32,
                                            ),
                                            expr: Lit(
                                                I32(
                                                    -624860520,
                                                ),
                                            ),
                                        },
                                    ),
                                },
                                ExprNode {
                                    data_type: Scalar(
                                        I32,
                                    ),
                                    expr: UnOp(
                                        Neg,
                                        ExprNode {
                                            data_type: Scalar(
                                                I32,
                                            ),
                                            expr: Var(
                                                "var_4",
                                            ),
                                        },
                                    ),
                                },
                            ),
                        },
                    },
                ),
                Assignment(
                    AssignmentStatement {
                        lhs: Expr(
                            LhsExprNode {
                                data_type: Scalar(
                                    U32,
                                ),
                                expr: Postfix(
                                    LhsExprNode {
                                        data_type: Array(
                                            Scalar(
                                                U32,
                                            ),
                                            None,
                                        ),
                                        expr: Postfix(
                                            LhsExprNode {
                                                data_type: Struct(
                                                    StructDecl {
                                                        name: "Buffer",
                                                        members: [
                                                            StructMember {
                                                                attrs: [],
                                                                name: "data",
                                                                data_type: Array(
                                                                    Scalar(
                                                                        U32,
                                                                    ),
                                                                    None,
                                                                ),
                                                            },
                                                        ],
                                                        accessors: {
                                                            Array(
                                                                Scalar(
                                                                    U32,
                                                                ),
                                                                None,
                                                            ): [
                                                                StructMember {
                                                                    attrs: [],
                                                                    name: "data",
                                                                    data_type: Array(
                                                                        Scalar(
                                                                            U32,
                                                                        ),
                                                                        None,
                                                                    ),
                                                                },
                                                            ],
                                                        },
                                                    },
                                                ),
                                                expr: Ident(
                                                    "output",
                                                ),
                                            },
                                            Member(
                                                "data",
                                            ),
                                        ),
                                    },
                                    ArrayIndex(
                                        ExprNode {
                                            data_type: Scalar(
                                                U32,
                                            ),
                                            expr: Lit(
                                                U32(
                                                    0,
                                                ),
                                            ),
                                        },
                                    ),
                                ),
                            },
                        ),
                        op: Simple,
                        rhs: ExprNode {
                            data_type: Scalar(
                                U32,
                            ),
                            expr: UnOp(
                                BitNot,
                                ExprNode {
                                    data_type: Scalar(
                                        U32,
                                    ),
                                    expr: UnOp(
                                        BitNot,
                                        ExprNode {
                                            data_type: Scalar(
                                                U32,
                                            ),
                                            expr: BinOp(
                                                LShift,
                                                ExprNode {
                                                    data_type: Scalar(
                                                        U32,
                                                    ),
                                                    expr: Lit(
                                                        U32(
                                                            3623004314,
                                                        ),
                                                    ),
                                                },
                                                ExprNode {
                                                    data_type: Scalar(
                                                        U32,
                                                    ),
                                                    expr: UnOp(
                                                        BitNot,
                                                        ExprNode {
                                                            data_type: Scalar(
                                                                U32,
                                                            ),
                                                            expr: Lit(
                                                                U32(
                                                                    1089322513,
                                                                ),
                                                            ),
                                                        },
                                                    ),
                                                },
                                            ),
                                        },
                                    ),
                                },
                            ),
                        },
                    },
                ),
            ],
        },
    ],
}
